bf
mp
kmp
bm
hor
ag
kr
zt
ac
tw
om
ms
qs
nsn
tbm
colussi
smith
gg
raita
smoa
rcolussi
skip
kmpskip
askip
br
akc
fs
ffs
bfs
ts
ssabs
tvsbs
pbmh
fjs
hash3
hash5
hash8
tsw
graspm
ssef
aut
rf
trf
fdm
bom
bom2
dfdm
ww
ildm1
ildm2
ebom
fbom
sebom
sfbom
skip2
skip3
skip4
skip5
skip6
skip7
skip8
so
sa
bndm
bndml
sbndm
tndm
tndma
lbndm
svm0
svm1
svm2
svm3
svm4
sbndm2
sbndm-bmh
fndm
bww
faoso2
faoso4
aoso2
aoso4
aoso6
fsbndm
bndmq2
bndmq4
bndmq6
sbndmq2
sbndmq4
sbndmq6
sbndmq8
ufndmq2
ufndmq4
ufndmq6
ufndmq8
sabp
dbww
dbww2
ksa
kbndm
bsdm
bsdm2
bsdm3
bsdm4
bsdm5
bsdm6
bsdm7
bsdm8
bxs
bxs1
bxs2
bxs3
bxs4
bxs6
bxs8
fs-w1
fs-w6
fs-w8
fsbndm-w1
fsbndm-w2
fsbndm-w4
fsbndm-w6
fsbndm-w8
fsbndmq20
fsbndmq21
fsbndmq31
fsbndmq41
fsbndmq61
fsbndmq81
iom
jom
lwfr2
lwfr3
lwfr4
lwfr5
lwfr6
lwfr7
lwfr8
qf23
qf24
qf26
qf28
qf33
qf34
qf36
qf42
qf43
qf44
qf62
qf63
qlqs
sbndm-w2
sbndm-w4
sbndm-w6
ssm
tso5
tunedbm
tvsbs-w2
twfr2
twfr3
twfr4
twfr5
twfr6
twfr7
twfr8
twfrq2
twfrq3
twfrq4
twfrq5
twfrq6
twfrq7
twfrq8
twfr
wc
wfr
wfr2
wfr3
wfr4
wfr5
wfr6
wfr7
wfr8
wfrq2
wfrq3
wfrq4
wfrq5
wfrq6
wfrq7
wfrq8
wom
doublehash
ft3
libc
libc1
musl
musl1
simdkr
