./test bf OK
./test mp OK
./test kmp OK
./test bm OK
./test hor OK
./test gs OK
./test ag OK
./test kr OK
./test zt OK
./test ac OK
./test tw OK
./test om OK
./test ms OK
./test qs OK
./test tunbm
	Please, wait a moment..............
	ERROR: test failed on case n.2 ("aa" in "aaaaaaaaaaaa")
							found 10 occ instead of 9

./test nsn
	Please, wait a moment..............
	ERROR: test failed on case n.1 ("a" in "aaaaaaaaaa")
							found 0 occ instead of 10

./test tbm OK
./test colussi OK
./test smith OK
./test gg OK
./test raita OK
./test smoa OK
./test rcolussi OK
./test skip OK
./test kmpskip OK
./test askip OK
./test br OK
./test akc OK
./test fs OK
./test ffs OK
./test bfs OK
./test ts OK
./test ssabs OK
./test tvsbs OK
./test pbmh OK
./test fjs OK
./test hash3 OK
./test hash5 OK
./test hash8 OK
./test tsw OK
./test graspm OK
./test ssef OK
./test aut OK
./test rf OK
./test trf OK
./test simon OK
./test fdm OK
./test bom OK
./test bom2 OK
./test dfdm OK
./test ww OK
./test ldm OK
./test ildm1 OK
./test ildm2 OK
./test ebom OK
./test fbom OK
./test sebom OK
./test sfbom OK
./test skip2 OK
./test skip3 OK
./test skip4 OK
./test skip5 OK
./test skip6 OK
./test skip7 OK
./test skip8 OK
./test so OK
./test sa OK
./test bndm OK
./test bndml OK
./test sbndm OK
./test tndm OK
./test tndma OK
./test lbndm OK
./test svm0 OK
./test svm1 OK
./test svm2 OK
./test svm3 OK
./test svm4 OK
./test sbndm2
	Please, wait a moment..............
	ERROR: test failed on case n.16 ("aaaaaaaaaaaaaaaaaaaaaaaaaaaaaaaaaaaaaaaa" in "aaaaaaaaaaaaaaaaaaaaaaaaaaaaaaaaaaaaaaaaaaaaaaaaaaaaaaaaaaaaaaaa")
							found 2 occ instead of 25

./test sbndm-bmh OK
./test bmh-sbndm OK
./test fndm OK
./test bww OK
./test faoso2 OK
./test faoso4 OK
./test faoso6
	Please, wait a moment..............
	ERROR: test failed on case n.16 ("aaaaaaaaaaaaaaaaaaaaaaaaaaaaaaaaaaaaaaaa" in "aaaaaaaaaaaaaaaaaaaaaaaaaaaaaaaaaaaaaaaaaaaaaaaaaaaaaaaaaaaaaaaa")
							found 21 occ instead of 25

./test aoso2 OK
./test aoso4 OK
./test aoso6 OK
./test blim OK
./test fsbndm
	Please, wait a moment..............
	ERROR: test failed on case n.18 ("abababababababababababababababababababac" in "abababababababababababababababababababababababababababababababab")
							found 1 occ instead of 0

./test bndmq2 OK
./test bndmq4 OK
./test bndmq6 OK
./test sbndmq2 OK
./test sbndmq4 OK
./test sbndmq6 OK
./test sbndmq8 OK
./test ufndmq2 OK
./test ufndmq4 OK
./test ufndmq6 OK
./test ufndmq8 OK
./test sabp OK
./test dbww OK
./test dbww2 OK
./test ksa OK
./test kbndm OK
./test bsdm OK
./test bsdm2 OK
./test bsdm3 OK
./test bsdm4 OK
./test bsdm5 OK
./test bsdm6 OK
./test bsdm7 OK
./test bsdm8 OK
./test bxs OK
./test bxs1 OK
./test bxs2 OK
./test bxs3 OK
./test bxs4 OK
./test bxs6 OK
./test bxs8 OK
./test fs-w1 OK
./test fs-w2
	Please, wait a moment..............
	ERROR: test failed on case n.2 ("aa" in "aaaaaaaaaa")
							found 10 occ instead of 9

./test fs-w4 OK
./test fs-w6 OK
./test fs-w8 OK
./test fsbndm-w1
	Please, wait a moment..............
	ERROR: test failed on case n.18 ("abababababababababababababababababababac" in "abababababababababababababababababababababababababababababababababababababababababababababababa")
							found 13 occ instead of 0

./test fsbndm-w2 OK
./test fsbndm-w4 OK
./test fsbndm-w6 OK
./test fsbndm-w8 OK
./test fsbndmq20
	Please, wait a moment..............
	ERROR: test failed on case n.18 ("abababababababababababababababababababac" in "abababababababababababababababababababababababababababababababab")
							found 1 occ instead of 0

./test fsbndmq21
	Please, wait a moment..............
	ERROR: test failed on case n.18 ("abababababababababababababababababababac" in "abababababababababababababababababababababababababababababababab")
							found 1 occ instead of 0

./test fsbndmq31
	Please, wait a moment..............
	ERROR: test failed on case n.18 ("abababababababababababababababababababac" in "abababababababababababababababababababababababababababababababab")
							found 1 occ instead of 0

./test fsbndmq32
	Please, wait a moment..............
	ERROR: test failed on case n.18 ("abababababababababababababababababababac" in "abababababababababababababababababababababababababababababababab")
							found 1 occ instead of 0

./test fsbndmq41
	Please, wait a moment..............
	ERROR: test failed on case n.18 ("abababababababababababababababababababac" in "abababababababababababababababababababababababababababababababab")
							found 1 occ instead of 0

./test fsbndmq42
	Please, wait a moment..............
	ERROR: test failed on case n.18 ("abababababababababababababababababababac" in "abababababababababababababababababababababababababababababababab")
							found 1 occ instead of 0

./test fsbndmq43
	Please, wait a moment..............
	ERROR: test failed on case n.18 ("abababababababababababababababababababac" in "abababababababababababababababababababababababababababababababab")
							found 1 occ instead of 0

./test fsbndmq61
	Please, wait a moment..............
	ERROR: test failed on case n.18 ("abababababababababababababababababababac" in "abababababababababababababababababababababababababababababababab")
							found 1 occ instead of 0

./test fsbndmq62
	Please, wait a moment..............
	ERROR: test failed on case n.18 ("abababababababababababababababababababac" in "abababababababababababababababababababababababababababababababab")
							found 1 occ instead of 0

./test fsbndmq64
	Please, wait a moment..............
	ERROR: test failed on case n.18 ("abababababababababababababababababababac" in "abababababababababababababababababababababababababababababababab")
							found 1 occ instead of 0

./test fsbndmq81
	Please, wait a moment..............
	ERROR: test failed on case n.18 ("abababababababababababababababababababac" in "abababababababababababababababababababababababababababababababab")
							found 1 occ instead of 0

./test fsbndmq82
	Please, wait a moment..............
	ERROR: test failed on case n.18 ("abababababababababababababababababababac" in "abababababababababababababababababababababababababababababababab")
							found 1 occ instead of 0

./test fsbndmq84
	Please, wait a moment..............
	ERROR: test failed on case n.18 ("abababababababababababababababababababac" in "abababababababababababababababababababababababababababababababab")
							found 1 occ instead of 0

./test fsbndmq86
	Please, wait a moment..............
	ERROR: test failed on case n.18 ("abababababababababababababababababababac" in "abababababababababababababababababababababababababababababababab")
							found 1 occ instead of 0

./test iom OK
./test jom OK
./test lwfr2 OK
./test lwfr3 OK
./test lwfr4 OK
./test lwfr5 OK
./test lwfr6 OK
./test lwfr7 OK
./test lwfr8 OK
./test qf23 OK
./test qf24 OK
./test qf26 OK
./test qf28 OK
./test qf33 OK
./test qf34 OK
./test qf36 OK
./test qf42 OK
./test qf43 OK
./test qf44 OK
./test qf62 OK
./test qf63 OK
./test qlqs OK
./test sbndm-w2 OK
./test sbndm-w4 OK
./test sbndm-w6 OK
./test ssm OK
./test tsa OK
./test tsa-q2
	Please, wait a moment..............
	ERROR: test failed on case n.2 ("aa" in "aaaaaaaaaa")
							found 5 occ instead of 9

./test tso5 OK
./test tunedbm OK
./test tvsbs-w2 OK
./test tvsbs-w4 OK
./test tvsbs-w6
	Please, wait a moment..............
	ERROR: test failed on case n.19 ("babbbbb" in "abababbbbb")
							found 0 occ instead of 1

./test tvsbs-w8 OK
./test twfr2 OK
./test twfr3 OK
./test twfr4 OK
./test twfr5 OK
./test twfr6 OK
./test twfr7 OK
./test twfr8 OK
./test twfrq2 OK
./test twfrq3 OK
./test twfrq4 OK
./test twfrq5 OK
./test twfrq6 OK
./test twfrq7 OK
./test twfrq8 OK
./test twfr OK
./test wc OK
./test wfr2 OK
./test wfr3 OK
./test wfr4 OK
./test wfr5 OK
./test wfr6 OK
./test wfr7 OK
./test wfr8 OK
./test wfrq2 OK
./test wfrq3 OK
./test wfrq4 OK
./test wfrq5 OK
./test wfrq6 OK
./test wfrq7 OK
./test wfrq8 OK
./test wfr OK
./test wom OK
./test ssecp
	Please, wait a moment..............
	ERROR: test failed on case n.14 ("8eiszLz[7'r.[${73g o7UHJYTa+vpg~L" in "8eiszLz[7'r.[${73g o7UHJYTa+vpg~L%>LCp|z#cp[dI0Eu=^")
							found 2 occ instead of 1

./test epsm OK
