#1 #2block 
#1 #ac 
#1 #ag 
#1 #akc 
#1 #aoso2 
#1 #aoso4 
#1 #aoso6 
#1 #askip 
#1 #aut 
#1 #bf 
#1 #bfs 
#0 #blim 
#1 #bm 
#1 #bmh-sbndm 
#1 #bndm 
#1 #bndml 
#1 #bndmq2 
#1 #bndmq4 
#1 #bndmq6 
#1 #bom 
#1 #bom2 
#1 #br 
#1 #bsdm 
#1 #bsdm2 
#1 #bsdm3 
#1 #bsdm4 
#1 #bsdm5 
#1 #bsdm6 
#1 #bsdm7 
#1 #bsdm8 
#1 #bww 
#1 #bxs 
#1 #bxs1 
#1 #bxs2 
#1 #bxs3 
#1 #bxs4 
#1 #bxs6 
#1 #bxs8 
#1 #col 
#1 #dbww 
#1 #dbww2 
#1 #dfdm 
#1 #ebom 
#1 #epsm 
#1 #faoso2 
#1 #faoso4 
#0 #faoso6 
#1 #fbom 
#1 #fdm 
#1 #ffs 
#1 #fjs 
#1 #fndm 
#1 #fs 
#1 #fs-w1 
#0 #fs-w2 
#1 #fs-w4 
#1 #fs-w6 
#1 #fs-w8 
#0 #fsbndm 
#0 #fsbndm-w1 
#1 #fsbndm-w2 
#1 #fsbndm-w4 
#1 #fsbndm-w6 
#1 #fsbndm-w8 
#0 #fsbndmq20 
#0 #fsbndmq21 
#0 #fsbndmq31 
#0 #fsbndmq32 
#0 #fsbndmq41 
#0 #fsbndmq42 
#0 #fsbndmq43 
#0 #fsbndmq61 
#0 #fsbndmq62 
#0 #fsbndmq64 
#0 #fsbndmq81 
#0 #fsbndmq82 
#0 #fsbndmq84 
#0 #fsbndmq86 
#1 #gg 
#1 #graspm 
#1 #gs 
#1 #hash3 
#1 #hash5 
#1 #hash8 
#1 #hor 
#1 #ildm1 
#1 #ildm2 
#1 #ioh 
#1 #iom 
#1 #jom 
#1 #kbndm 
#1 #kmp 
#1 #kmpskip 
#1 #kr 
#1 #ksa 
#1 #lbndm 
#1 #ldm 
#1 #lwfr 
#1 #lwfr2 
#1 #lwfr3 
#1 #lwfr4 
#1 #lwfr5 
#1 #lwfr6 
#1 #lwfr7 
#1 #lwfr8 
#1 #mp 
#1 #ms 
#1 #new 
#1 #new2 
#0 #nsn 
#1 #om 
#1 #pbmh 
#1 #qf23 
#1 #qf24 
#1 #qf26 
#1 #qf28 
#1 #qf33 
#1 #qf34 
#1 #qf36 
#1 #qf42 
#1 #qf43 
#1 #qf44 
#1 #qf62 
#1 #qf63 
#1 #qlqs 
#1 #qs 
#1 #raita 
#1 #rcol 
#1 #sbdm 
#1 #sbndm 
#1 #sbndm-bmh 
#1 #sbndm-w2 
#1 #sbndm-w4 
#1 #sbndm-w6 
#0 #sbndm2 
#1 #sbndmq2 
#1 #sbndmq4 
#1 #sbndmq6 
#1 #sbndmq8 
#1 #sebom 
#1 #sfbom 
#1 #simon 
#1 #skip 
#1 #skip2 
#1 #skip3 
#1 #skip4 
#1 #skip5 
#1 #skip6 
#1 #skip7 
#1 #skip8 
#1 #smith 
#1 #smoa 
#1 #so 
#1 #ssabs 
#0 #ssecp 
#1 #ssef 
#1 #ssm 
#1 #svm0 
#1 #svm1 
#1 #svm2 
#1 #svm3 
#1 #svm4 
#1 #tbm 
#1 #tndm 
#1 #tndma 
#1 #trf 
#1 #ts 
#1 #tsa 
#0 #tsa-q2 
#1 #tsw 
#1 #tunedbm 
#1 #tvsbs 
#1 #tvsbs-w2 
#1 #tvsbs-w4 
#0 #tvsbs-w6 
#1 #tvsbs-w8 
#1 #tw 
#1 #twfr 
#1 #twfr2 
#1 #twfr3 
#1 #twfr4 
#1 #twfr5 
#1 #twfr6 
#1 #twfr7 
#1 #twfr8 
#1 #ufndmq2 
#1 #ufndmq4 
#1 #ufndmq6 
#1 #ufndmq8 
#1 #wc 
#1 #wfr 
#1 #wfr2 
#1 #wfr3 
#1 #wfr4 
#1 #wfr5 
#1 #wfr7 
#1 #wfr8 
#1 #woh 
#1 #wom 
#1 #ww 
#1 #zt 
